<html>
<body>
<pre>
<h1>µVision Build Log</h1>
<h2>Tool Versions:</h2>
IDE-Version: ¦ÌVision V5.39.0.0
Copyright (C) 2023 ARM Ltd and ARM Germany GmbH. All rights reserved.
License Information: aaa 2621474320@qq.com, aaa, LIC=ZB4EI-TT5VM-TGM7T-RH992-51IVE-2GPHT
 
Tool Versions:
Toolchain:       MDK-ARM Plus  Version: 5.39.0.0
Toolchain Path:  D:\Keil_v5\ARM\ARMCLANG\Bin
C Compiler:      ArmClang.exe V6.21
Assembler:       Armasm.exe V6.21
Linker/Locator:  ArmLink.exe V6.21
Library Manager: ArmAr.exe V6.21
Hex Converter:   FromElf.exe V6.21
CPU DLL:         SARMCM3.DLL V5.39.0.0
Dialog DLL:      DCM.DLL V1.17.5.0
Target DLL:      CMSIS_AGDI.dll V1.33.16.0
Dialog DLL:      TCM.DLL V1.56.4.0
 
<h2>Project:</h2>
d:\×ÀÃæ\HAL_01_LED_TEST\MDK-ARM\LED_TEST.uvprojx
Project File Date:  01/27/2024

<h2>Output:</h2>
*** Using Compiler 'V6.21', folder: 'D:\Keil_v5\ARM\ARMCLANG\Bin'
Build target 'LED_TEST'
assembling startup_stm32g431xx.s...
compiling stm32g4xx_hal_tim.c...
compiling stm32g4xx_ll_pwr.c...
compiling stm32g4xx_hal_tim_ex.c...
compiling main.c...
compiling stm32g4xx_it.c...
compiling stm32g4xx_hal_flash_ramfunc.c...
compiling stm32g4xx_hal_exti.c...
compiling stm32g4xx_hal_msp.c...
compiling stm32g4xx_hal_dma_ex.c...
compiling stm32g4xx_hal_gpio.c...
compiling stm32g4xx_hal.c...
compiling stm32g4xx_hal_flash_ex.c...
compiling stm32g4xx_hal_flash.c...
compiling stm32g4xx_hal_pwr.c...
compiling stm32g4xx_hal_dma.c...
compiling stm32g4xx_hal_rcc.c...
compiling stm32g4xx_hal_rcc_ex.c...
compiling UART.c...
compiling stm32g4xx_hal_pwr_ex.c...
compiling system_stm32g4xx.c...
compiling key.c...
compiling led.c...
compiling stm32g4xx_hal_cortex.c...
../BSP/lcd.c(200): warning: passing 'char[21]' to parameter of type 'u8 *' (aka 'unsigned char *') converts between pointers to integer types where one is of the unique plain 'char' type and the other is not [-Wpointer-sign]
  200 |     LCD_DisplayStringLine(Line, "                    ");
      |                                 ^~~~~~~~~~~~~~~~~~~~~~
../BSP/lcd.h(187): note: passing argument to parameter 'ptr' here
  187 | void LCD_DisplayStringLine(u8 Line, u8 *ptr);
      |                                         ^
1 warning generated.
compiling lcd.c...
linking...
Program Size: Code=14578 RO-data=5102 RW-data=16 ZI-data=1040  
FromELF: creating hex file...
"LED_TEST\LED_TEST.axf" - 0 Error(s), 1 Warning(s).

<h2>Software Packages used:</h2>

Package Vendor: ARM
                https://www.keil.com/pack/ARM.CMSIS.6.0.0.pack
                ARM::CMSIS@6.0.0
                CMSIS (Common Microcontroller Software Interface Standard)
   * Component: CORE Version: 6.0.0

Package Vendor: Keil
                https://www.keil.com/pack/Keil.STM32G4xx_DFP.1.5.0.pack
                Keil::STM32G4xx_DFP@1.5.0
                STMicroelectronics STM32G4 Series Device Support, Drivers and Examples

<h2>Collection of Component include folders:</h2>
  ./RTE/_LED_TEST
  D:/Users/26214/AppData/Local/Arm/Packs/ARM/CMSIS/6.0.0/CMSIS/Core/Include
  D:/Users/26214/AppData/Local/Arm/Packs/Keil/STM32G4xx_DFP/1.5.0/Drivers/CMSIS/Device/ST/STM32G4xx/Include

<h2>Collection of Component Files used:</h2>

   * Component: ARM::CMSIS:CORE@6.0.0
Build Time Elapsed:  00:00:03
</pre>
</body>
</html>
